###############################################################################
#
# IAR ELF Linker V7.20.5.7591/W32 for ARM                 07/Nov/2014  10:15:38
# Copyright 2007-2014 IAR Systems AB.
#
#    Output file  =  
#        E:\BHKS\stm32f0\MY_DEMO\MY_pro\Projects\Peripheral_Examples\ADC_DMA\EWARM\ADC_DMA\Exe\ADC_DMA.out
#    Map file     =  
#        E:\BHKS\stm32f0\MY_DEMO\MY_pro\Projects\Peripheral_Examples\ADC_DMA\EWARM\ADC_DMA\List\ADC_DMA.map
#    Command line =  
#        E:\BHKS\stm32f0\MY_DEMO\MY_pro\Projects\Peripheral_Examples\ADC_DMA\EWARM\ADC_DMA\Obj\main.o
#        E:\BHKS\stm32f0\MY_DEMO\MY_pro\Projects\Peripheral_Examples\ADC_DMA\EWARM\ADC_DMA\Obj\startup_stm32f030x8.o
#        E:\BHKS\stm32f0\MY_DEMO\MY_pro\Projects\Peripheral_Examples\ADC_DMA\EWARM\ADC_DMA\Obj\stm32f0308_discovery.o
#        E:\BHKS\stm32f0\MY_DEMO\MY_pro\Projects\Peripheral_Examples\ADC_DMA\EWARM\ADC_DMA\Obj\stm32f0xx_adc.o
#        E:\BHKS\stm32f0\MY_DEMO\MY_pro\Projects\Peripheral_Examples\ADC_DMA\EWARM\ADC_DMA\Obj\stm32f0xx_dma.o
#        E:\BHKS\stm32f0\MY_DEMO\MY_pro\Projects\Peripheral_Examples\ADC_DMA\EWARM\ADC_DMA\Obj\stm32f0xx_gpio.o
#        E:\BHKS\stm32f0\MY_DEMO\MY_pro\Projects\Peripheral_Examples\ADC_DMA\EWARM\ADC_DMA\Obj\stm32f0xx_it.o
#        E:\BHKS\stm32f0\MY_DEMO\MY_pro\Projects\Peripheral_Examples\ADC_DMA\EWARM\ADC_DMA\Obj\stm32f0xx_misc.o
#        E:\BHKS\stm32f0\MY_DEMO\MY_pro\Projects\Peripheral_Examples\ADC_DMA\EWARM\ADC_DMA\Obj\stm32f0xx_rcc.o
#        E:\BHKS\stm32f0\MY_DEMO\MY_pro\Projects\Peripheral_Examples\ADC_DMA\EWARM\ADC_DMA\Obj\system_stm32f0xx.o
#        E:\BHKS\stm32f0\MY_DEMO\MY_pro\Projects\Peripheral_Examples\ADC_DMA\EWARM\ADC_DMA\Obj\userBSP.o
#        --redirect _Printf=_PrintfSmall --redirect _Scanf=_ScanfSmall -o
#        E:\BHKS\stm32f0\MY_DEMO\MY_pro\Projects\Peripheral_Examples\ADC_DMA\EWARM\ADC_DMA\Exe\ADC_DMA.out
#        --map
#        E:\BHKS\stm32f0\MY_DEMO\MY_pro\Projects\Peripheral_Examples\ADC_DMA\EWARM\ADC_DMA\List\ADC_DMA.map
#        --config
#        E:\BHKS\stm32f0\MY_DEMO\MY_pro\Projects\Peripheral_Examples\ADC_DMA\EWARM\stm32f0xx_flash.icf
#        --semihosting --entry __iar_program_start --vfe
#
###############################################################################

*******************************************************************************
*** RUNTIME MODEL ATTRIBUTES
***

CppFlavor       = *
__SystemLibrary = DLib


*******************************************************************************
*** PLACEMENT SUMMARY
***

"A1":  place at 0x08000000 { ro section .intvec };
"P1":  place in [from 0x08000000 to 0x0800ffff] { ro };
"P2":  place in [from 0x20000000 to 0x20001fff] { rw, block CSTACK, block HEAP };

  Section          Kind        Address   Size  Object
  -------          ----        -------   ----  ------
"A1":                                    0xc0
  .intvec          ro code  0x08000000   0xc0  startup_stm32f030x8.o [1]
                          - 0x080000c0   0xc0

"P1":                                   0x610
  .text            ro code  0x080000c0  0x12c  stm32f0xx_adc.o [1]
  .text            ro code  0x080001ec   0x48  stm32f0xx_rcc.o [1]
  .text            ro code  0x08000234   0xe0  userBSP.o [1]
  .text            ro code  0x08000314   0xd0  stm32f0xx_dma.o [1]
  .text            ro code  0x080003e4   0xe0  I32DivModFast.o [4]
  .text            ro code  0x080004c4    0x2  IntDivZer.o [4]
  .text            ro code  0x080004c6   0x2a  zero_init3.o [4]
  .text            ro code  0x080004f0   0xb4  system_stm32f0xx.o [1]
  .text            ro code  0x080005a4   0x50  main.o [1]
  .text            ro code  0x080005f4   0x28  data_init.o [4]
  .iar.init_table  const    0x0800061c   0x10  - Linker created -
  .text            ro code  0x0800062c   0x1a  cmain.o [4]
  .text            ro code  0x08000646    0x4  low_level_init.o [3]
  .text            ro code  0x0800064a    0x8  exit.o [3]
  .text            ro code  0x08000652    0xa  stm32f0xx_it.o [1]
  .text            ro code  0x0800065c    0xa  cexit.o [4]
  .text            ro code  0x08000666    0x2  startup_stm32f030x8.o [1]
  .text            ro code  0x08000668   0x14  exit.o [5]
  .text            ro code  0x0800067c   0x10  startup_stm32f030x8.o [1]
  .text            ro code  0x0800068c    0xc  cstartup_M.o [4]
  .text            ro code  0x08000698    0x2  startup_stm32f030x8.o [1]
  .text            ro code  0x0800069a    0x2  startup_stm32f030x8.o [1]
  .text            ro code  0x0800069c    0x2  startup_stm32f030x8.o [1]
  .text            ro code  0x0800069e    0x2  startup_stm32f030x8.o [1]
  .text            ro code  0x080006a0    0x2  startup_stm32f030x8.o [1]
  .text            ro code  0x080006a2    0x2  startup_stm32f030x8.o [1]
  .text            ro code  0x080006a4    0x2  startup_stm32f030x8.o [1]
  .text            ro code  0x080006a6    0x2  startup_stm32f030x8.o [1]
  .text            ro code  0x080006a8    0x2  startup_stm32f030x8.o [1]
  .text            ro code  0x080006aa    0x2  startup_stm32f030x8.o [1]
  .text            ro code  0x080006ac    0x2  startup_stm32f030x8.o [1]
  .text            ro code  0x080006ae    0x2  startup_stm32f030x8.o [1]
  .text            ro code  0x080006b0    0x2  startup_stm32f030x8.o [1]
  .text            ro code  0x080006b2    0x2  startup_stm32f030x8.o [1]
  .text            ro code  0x080006b4    0x2  startup_stm32f030x8.o [1]
  .text            ro code  0x080006b6    0x2  startup_stm32f030x8.o [1]
  .text            ro code  0x080006b8    0x2  startup_stm32f030x8.o [1]
  .text            ro code  0x080006ba    0x2  startup_stm32f030x8.o [1]
  .text            ro code  0x080006bc    0x2  startup_stm32f030x8.o [1]
  .text            ro code  0x080006be    0x2  startup_stm32f030x8.o [1]
  .text            ro code  0x080006c0    0x2  startup_stm32f030x8.o [1]
  .text            ro code  0x080006c2    0x2  startup_stm32f030x8.o [1]
  .text            ro code  0x080006c4    0x2  startup_stm32f030x8.o [1]
  .text            ro code  0x080006c6    0x2  startup_stm32f030x8.o [1]
  .text            ro code  0x080006c8    0x2  startup_stm32f030x8.o [1]
  .text            ro code  0x080006ca    0x2  startup_stm32f030x8.o [1]
  .text            ro code  0x080006cc    0x2  startup_stm32f030x8.o [1]
  .text            ro code  0x080006ce    0x2  startup_stm32f030x8.o [1]
  .rodata          const    0x080006d0    0x0  zero_init3.o [4]
                          - 0x080006d0  0x610

"P2":                                   0x410
  .bss             zero     0x20000000    0x4  userBSP.o [1]
  .bss             zero     0x20000004    0x4  userBSP.o [1]
  .bss             zero     0x20000008    0x4  userBSP.o [1]
  CSTACK                    0x20000010  0x400  <Block>
    CSTACK         uninit   0x20000010  0x400  <Block tail>
                          - 0x20000410  0x410


*******************************************************************************
*** INIT TABLE
***

          Address     Size
          -------     ----
Zero (__iar_zero_init3)
    1 destination range, total size 0xc:
          0x20000000   0xc



*******************************************************************************
*** MODULE SUMMARY
***

    Module                 ro code  ro data  rw data
    ------                 -------  -------  -------
E:\BHKS\stm32f0\MY_DEMO\MY_pro\Projects\Peripheral_Examples\ADC_DMA\EWARM\ADC_DMA\Obj: [1]
    main.o                      80
    startup_stm32f030x8.o      266
    stm32f0xx_adc.o            300
    stm32f0xx_dma.o            208
    stm32f0xx_it.o              10
    stm32f0xx_rcc.o             72
    system_stm32f0xx.o         180
    userBSP.o                  224                12
    ------------------------------------------------
    Total:                   1 340                12

command line: [2]
    ------------------------------------------------
    Total:

dl6M_tln.a: [3]
    exit.o                       8
    low_level_init.o             4
    ------------------------------------------------
    Total:                      12

rt6M_tl.a: [4]
    I32DivModFast.o            224
    IntDivZer.o                  2
    cexit.o                     10
    cmain.o                     26
    cstartup_M.o                12
    data_init.o                 40
    zero_init3.o                42
    ------------------------------------------------
    Total:                     356

shb_l.a: [5]
    exit.o                      20
    ------------------------------------------------
    Total:                      20

    Linker created                       16    1 024
----------------------------------------------------
    Grand Total:             1 728       16    1 036


*******************************************************************************
*** ENTRY LIST
***

Entry                      Address  Size  Type      Object
-----                      -------  ----  ----      ------
?main                   0x0800062d        Code  Gb  cmain.o [4]
ADC_CH_DMA_Config       0x08000235  0xd0  Code  Gb  userBSP.o [1]
ADC_ChannelConfig       0x08000155   0xa  Code  Gb  stm32f0xx_adc.o [1]
ADC_Cmd                 0x08000113  0x12  Code  Gb  stm32f0xx_adc.o [1]
ADC_DMACmd              0x08000191  0x16  Code  Gb  stm32f0xx_adc.o [1]
ADC_DMARequestModeConfig
                        0x080001a7  0x10  Code  Gb  stm32f0xx_adc.o [1]
ADC_DeInit              0x080000c1  0x1e  Code  Gb  stm32f0xx_adc.o [1]
ADC_GetCalibrationFactor
                        0x0800015f  0x28  Code  Gb  stm32f0xx_adc.o [1]
ADC_GetFlagStatus       0x080001b7  0x1a  Code  Gb  stm32f0xx_adc.o [1]
ADC_Init                0x080000df  0x24  Code  Gb  stm32f0xx_adc.o [1]
ADC_StartOfConversion   0x08000187   0xa  Code  Gb  stm32f0xx_adc.o [1]
ADC_StructInit          0x08000103  0x10  Code  Gb  stm32f0xx_adc.o [1]
ADC_TempSensorCmd       0x08000125  0x18  Code  Gb  stm32f0xx_adc.o [1]
ADC_VrefintCmd          0x0800013d  0x18  Code  Gb  stm32f0xx_adc.o [1]
CSTACK$$Base            0x20000010         --   Gb  - Linker created -
CSTACK$$Limit           0x20000410         --   Gb  - Linker created -
DMA_ClearFlag           0x080003bb   0x6  Code  Gb  stm32f0xx_dma.o [1]
DMA_Cmd                 0x080003a5  0x14  Code  Gb  stm32f0xx_dma.o [1]
DMA_DeInit              0x08000315  0x5a  Code  Gb  stm32f0xx_dma.o [1]
DMA_GetFlagStatus       0x080003b9   0x2  Code  Gb  stm32f0xx_dma.o [1]
DMA_Init                0x0800036f  0x36  Code  Gb  stm32f0xx_dma.o [1]
HardFault_Handler       0x08000655   0x2  Code  Gb  stm32f0xx_it.o [1]
NMI_Handler             0x08000653   0x2  Code  Gb  stm32f0xx_it.o [1]
PendSV_Handler          0x08000659   0x2  Code  Gb  stm32f0xx_it.o [1]
RCC_AHBPeriphClockCmd   0x080001ed  0x14  Code  Gb  stm32f0xx_rcc.o [1]
RCC_APB2PeriphClockCmd  0x08000201  0x14  Code  Gb  stm32f0xx_rcc.o [1]
RCC_APB2PeriphResetCmd  0x08000215  0x14  Code  Gb  stm32f0xx_rcc.o [1]
Region$$Table$$Base     0x0800061c         --   Gb  - Linker created -
Region$$Table$$Limit    0x0800062c         --   Gb  - Linker created -
RegularConvData_Tab     0x20000008   0x4  Data  Gb  userBSP.o [1]
SVC_Handler             0x08000657   0x2  Code  Gb  stm32f0xx_it.o [1]
SysTick_Handler         0x0800065b   0x2  Code  Gb  stm32f0xx_it.o [1]
SystemInit              0x080004f1  0x98  Code  Gb  system_stm32f0xx.o [1]
TempSensVoltmv          0x20000000   0x4  Data  Gb  userBSP.o [1]
VrefIntVoltmv           0x20000004   0x4  Data  Gb  userBSP.o [1]
__ICFEDIT_region_RAM_end__ {Abs}
                        0x20001fff         --   Gb  command line/config [2]
__ICFEDIT_region_RAM_start__ {Abs}
                        0x20000000         --   Gb  command line/config [2]
__aeabi_idiv            0x08000411        Code  Gb  I32DivModFast.o [4]
__aeabi_idiv0           0x080004c5        Code  Gb  IntDivZer.o [4]
__aeabi_idivmod         0x08000411        Code  Gb  I32DivModFast.o [4]
__aeabi_uidiv           0x08000417        Code  Gb  I32DivModFast.o [4]
__aeabi_uidivmod        0x08000417        Code  Gb  I32DivModFast.o [4]
__as_entries_start      0xffffffff         --   Gb  command line/config [2]
__as_table_start        0xffffffff         --   Gb  command line/config [2]
__cmain                 0x0800062d        Code  Gb  cmain.o [4]
__exit                  0x08000669  0x14  Code  Gb  exit.o [5]
__iar_data_init3        0x080005f5  0x28  Code  Gb  data_init.o [4]
__iar_program_start     0x0800068d        Code  Gb  cstartup_M.o [4]
__iar_zero_init3        0x080004c7  0x2a  Code  Gb  zero_init3.o [4]
__low_level_init        0x08000647   0x4  Code  Gb  low_level_init.o [3]
__vector_table          0x08000000        Data  Gb  startup_stm32f030x8.o [1]
_call_main              0x08000639        Code  Gb  cmain.o [4]
_exit                   0x0800065d        Code  Gb  cexit.o [4]
_main                   0x08000643        Code  Gb  cmain.o [4]
exit                    0x0800064b   0x8  Code  Gb  exit.o [3]
main                    0x080005a5  0x50  Code  Gb  main.o [1]


[1] = E:\BHKS\stm32f0\MY_DEMO\MY_pro\Projects\Peripheral_Examples\ADC_DMA\EWARM\ADC_DMA\Obj
[2] = command line
[3] = dl6M_tln.a
[4] = rt6M_tl.a
[5] = shb_l.a

  1 728 bytes of readonly  code memory
     16 bytes of readonly  data memory
  1 036 bytes of readwrite data memory

Errors: none
Warnings: none
